Tuanjie Editor version:  2022.3.61t14 (3a70663b70e0)
Branch:                  tuanjie/1.6/staging
Build type:              Release
Batch mode:              YES
macOS version:           Version 27.2 (Build 26B5091g)
Darwin version:          27.2.0
Architecture:            arm64
Running under Rosetta:   NO
Available memory:        16384 MB
[Licensing::Module] Trying to connect to existing licensing client channel...
[Licensing::IpcConnector] Successfully connected to the License Client on channel: "LicenseClient-qinziqian" at "2026-10-04T14:08:21.158971Z"
[Licensing::Client] Error: Code 10 while verifying Licensing Client signature (process Id: 33870, path: "/Applications/Tuanjie Hub.app/Contents/Frameworks/TuanjieLicensingClient_V1.app/Contents/MacOS/Tuanjie.Licensing.Client")
[Licensing::Module] Error: LicensingClient has failed validation; ignoring
[Licensing::Client] Successfully send message: {"messageType":"HandshakeRequest","protocolVersion":"1.12","userAgent":"TuanjieEditor/2022.3.61t14 (Macintosh; U; Intel Mac OS X 27.2; zh-Hans-CN)","externalCorrelationId":"3607491586317914898"} at 1791122901
[Licensing::Client] Successfully receive message: {"protocolVersion":"1.12","sessionId":"cc9a5a2f4601495ca191f8dff21b12f7","context":{"DeviceName":"Link's MBP","DeviceModel":"Mac17,2","PhysicalMemoryMB":"16384","SystemLanguageISO":"zh-Hans-CN","ProcessorCount":"10","ProcessorType":"Apple M5","OperatingSystem":"Mac OS X 27.2.0","OperatingSystemNumeric":"270200","Legacy.MachineBinding1":"A12EBA94-6CAE-536D-8639-8B28F22AAE12","Legacy.MachineBinding2":"HWF12RQ93K","Legacy.MachineBinding4":null,"Legacy.MachineBinding5":"5c:9b:a6:84:6a:ac","EnvironmentUser":"qinziqian","EnvironmentDomain":"Links-MBP","EnvironmentHostname":"Links-MBP"},"assemblyProductVersion":"1.14.0+af049b8","machineId":"2qJXSmjy+8qC9zvVypdceXsI7UU=","correlationId":"ee26600ca9f6c50f0a68447f7e54978e","responseCode":200,"responseStatus":"Handshake successful","messageType":"HandshakeResponse"} at 1791122901
[Licensing::Client] Handshaking with LicensingClient:
  Version:                 1.14.0+af049b8
  Session Id:              cc9a5a2f4601495ca191f8dff21b12f7
  Correlation Id:          ee26600ca9f6c50f0a68447f7e54978e
  External correlation Id: 3607491586317914898
  Machine Id:              2qJXSmjy+8qC9zvVypdceXsI7UU=
[Licensing::Module] Successfully connected to LicensingClient on channel: "LicenseClient-qinziqian" (connect: 0.00s, validation: 0.01s, handshake: 0.34s)
[Licensing::IpcConnector] Successfully connected to the License Notification on channel: "LicenseClient-qinziqian-notifications" at "2026-10-04T14:08:21.513023Z"
[Licensing::Module] Error: Access token is unavailable; failed to update
[Licensing::Client] Successfully send message: {"messageType":"UpdateLicenseRequest","AccessToken":"","OrgId":"","ProjectId":"","forceUpdateLicense":true} at 1791122901
[Licensing::Client] Successfully receive message: {"responseCode":200,"responseStatus":"Licenses updated.","messageType":"UpdateLicenseResponse"} at 1791122902
[Licensing::Client] Successfully updated license
[Licensing::Client] Successfully send message: {"messageType":"EntitlementDetailsRequest","entitlementIds":["com.unity.editor.legacy.pro","com.unity.editor.headless"],"packageEntitlementIds":[],"includeCustomData":false} at 1791122902
[Licensing::Client] Successfully receive message: {"entitlementGroups":[{"entitlementGroupId":"F4-W5GR-B6V2-Y5WE-WRK9-GR7N","entitlementGroupIdHash":"8d58bf4deb18ac7618b28a8936c405932a8efcb2","productName":"Unity Personal","productType":"TuanjieEditor","licenseType":"ULF","expiration":1791385701000,"matchedEntitlements":[{"entitlementId":"com.unity.editor.headless","isPackage":false,"count":1}]}],"responseCode":200,"responseStatus":"Found 1 entitlement groups and 0 free entitlements matching requested entitlement ids","messageType":"EntitlementDetailsResponse"} at 1791122902
[Licensing::Client] Successfully resolved entitlement details
[Licensing::Module] Serial number assigned to: "F4-W5GR-B6V2-Y5WE-WRK9-XXXX"
Pro License: NO
[Licensing::Client] Successfully send message: {"messageType":"EntitlementDetailsRequest","entitlementIds":["com.unity.editor.headless","com.unity.editor.ui"],"packageEntitlementIds":[],"includeCustomData":false} at 1791122902
[Licensing::Client] Successfully receive message: {"entitlementGroups":[{"entitlementGroupId":"F4-W5GR-B6V2-Y5WE-WRK9-GR7N","entitlementGroupIdHash":"8d58bf4deb18ac7618b28a8936c405932a8efcb2","productName":"Unity Personal","productType":"TuanjieEditor","licenseType":"ULF","expiration":1791385701000,"matchedEntitlements":[{"entitlementId":"com.unity.editor.ui","isPackage":false,"count":1},{"entitlementId":"com.unity.editor.headless","isPackage":false,"count":1}]}],"responseCode":200,"responseStatus":"Found 1 entitlement groups and 0 free entitlements matching requested entitlement ids","messageType":"EntitlementDetailsResponse"} at 1791122902
[Licensing::Client] Successfully resolved entitlement details
Launching external process: /Applications/Tuanjie/Hub/Editor/2022.3.61t14/Tuanjie.app/Contents/Resources/PackageManager/Server/TuanjiePackageManager

COMMAND LINE ARGUMENTS:
/Applications/Tuanjie/Hub/Editor/2022.3.61t14/Tuanjie.app/Contents/MacOS/Tuanjie
-batchmode
-buildTarget
StandaloneOSX
-projectPath
/Users/qinziqian/Documents/overcooked-like/game
-executeMethod
M1ReviewCapture.RunVisualPolish
-logFile
Evidence/visual-polish/airport-direct-capture.log
Successfully changed project path to: /Users/qinziqian/Documents/overcooked-like/game
/Users/qinziqian/Documents/overcooked-like/game
[Memory] Configuration Parameters - Can be set up in boot.config
    "memorysetup-bucket-allocator-granularity=16"
    "memorysetup-bucket-allocator-bucket-count=8"
    "memorysetup-bucket-allocator-block-size=33554432"
    "memorysetup-bucket-allocator-block-count=8"
    "memorysetup-main-allocator-block-size=16777216"
    "memorysetup-thread-allocator-block-size=16777216"
    "memorysetup-gfx-main-allocator-block-size=16777216"
    "memorysetup-gfx-thread-allocator-block-size=16777216"
    "memorysetup-cache-allocator-block-size=4194304"
    "memorysetup-typetree-allocator-block-size=2097152"
    "memorysetup-profiler-bucket-allocator-granularity=16"
    "memorysetup-profiler-bucket-allocator-bucket-count=8"
    "memorysetup-profiler-bucket-allocator-block-size=33554432"
    "memorysetup-profiler-bucket-allocator-block-count=8"
    "memorysetup-profiler-allocator-block-size=16777216"
    "memorysetup-profiler-editor-allocator-block-size=1048576"
    "memorysetup-temp-allocator-size-main=16777216"
    "memorysetup-job-temp-allocator-block-size=2097152"
    "memorysetup-job-temp-allocator-block-size-background=1048576"
    "memorysetup-job-temp-allocator-reduction-small-platforms=262144"
    "memorysetup-allocator-temp-initial-block-size-main=262144"
    "memorysetup-allocator-temp-initial-block-size-worker=262144"
    "memorysetup-temp-allocator-size-background-worker=32768"
    "memorysetup-temp-allocator-size-job-worker=262144"
    "memorysetup-temp-allocator-size-preload-manager=33554432"
    "memorysetup-temp-allocator-size-nav-mesh-worker=65536"
    "memorysetup-temp-allocator-size-audio-worker=65536"
    "memorysetup-temp-allocator-size-cloud-worker=32768"
    "memorysetup-temp-allocator-size-gi-baking-worker=262144"
    "memorysetup-temp-allocator-size-gfx=262144"
Player connection [8621359872]  Target information:

Player connection [8621359872]  * "[IP] 192.168.123.27 [Port] 55504 [Flags] 2 [Guid] 3054324149 [EditorId] 3054324149 [Version] 1048832 [Id] OSXEditor(0,Links-MBP.local) [Debug] 1 [PackageName] OSXEditor [ProjectName] Editor" 

Player connection [8621359872]  * "[IP] 192.168.200.6 [Port] 55504 [Flags] 2 [Guid] 3054324149 [EditorId] 3054324149 [Version] 1048832 [Id] OSXEditor(0,Links-MBP.local) [Debug] 1 [PackageName] OSXEditor [ProjectName] Editor" 

Player connection [8621359872] Host joined multi-casting on [225.0.0.222:54997]...
Player connection [8621359872] Host joined alternative multi-casting on [225.0.0.222:34997]...
Input System module state changed to: Initialized.
AS: AutoStreaming module initializing.
Begin write certificate to file.
Write certificate complete, return 1.
StartServer, cert is /Users/qinziqian/Library/Tuanjie/79486-rest-certificate.pem
Start HTTP server port 38000, HTTPS server port 38443.
[Package Manager] UpmClient::Connect -- Connected to IPC stream "Upm-79486" after 0.2 seconds.
[Licensing::Client] Successfully send message: {"messageType":"EntitlementDetailsRequest","entitlementIds":["com.unity.editor.last.activation.date","com.unity.editor.headless"],"packageEntitlementIds":[],"includeCustomData":false} at 1791122903
[Licensing::Client] Successfully receive message: {"entitlementGroups":[{"entitlementGroupId":"F4-W5GR-B6V2-Y5WE-WRK9-GR7N","entitlementGroupIdHash":"8d58bf4deb18ac7618b28a8936c405932a8efcb2","productName":"Unity Personal","productType":"TuanjieEditor","licenseType":"ULF","expiration":1791385701000,"matchedEntitlements":[{"entitlementId":"com.unity.editor.headless","isPackage":false,"count":1},{"entitlementId":"com.unity.editor.last.activation.date","isPackage":false,"count":1}]}],"responseCode":200,"responseStatus":"Found 1 entitlement groups and 0 free entitlements matching requested entitlement ids","messageType":"EntitlementDetailsResponse"} at 1791122903
[Licensing::Client] Successfully resolved entitlement details
[Licensing::Client] Successfully send message: {"messageType":"EntitlementDetailsRequest","entitlementIds":["com.unity.editor.disable-splash-screen","com.unity.editor.headless"],"packageEntitlementIds":[],"includeCustomData":false} at 1791122903
[Licensing::Client] Successfully receive message: {"entitlementGroups":[{"entitlementGroupId":"F4-W5GR-B6V2-Y5WE-WRK9-GR7N","entitlementGroupIdHash":"8d58bf4deb18ac7618b28a8936c405932a8efcb2","productName":"Unity Personal","productType":"TuanjieEditor","licenseType":"ULF","expiration":1791385701000,"matchedEntitlements":[{"entitlementId":"com.unity.editor.headless","isPackage":false,"count":1}]}],"responseCode":200,"responseStatus":"Found 1 entitlement groups and 0 free entitlements matching requested entitlement ids","messageType":"EntitlementDetailsResponse"} at 1791122903
[Licensing::Client] Successfully resolved entitlement details
[Licensing::Client] Successfully send message: {"messageType":"EntitlementDetailsRequest","entitlementIds":["com.unity.editor.allow-mix-usage","com.unity.editor.headless"],"packageEntitlementIds":[],"includeCustomData":false} at 1791122903
[Licensing::Client] Successfully receive message: {"entitlementGroups":[{"entitlementGroupId":"F4-W5GR-B6V2-Y5WE-WRK9-GR7N","entitlementGroupIdHash":"8d58bf4deb18ac7618b28a8936c405932a8efcb2","productName":"Unity Personal","productType":"TuanjieEditor","licenseType":"ULF","expiration":1791385701000,"matchedEntitlements":[{"entitlementId":"com.unity.editor.headless","isPackage":false,"count":1}]}],"responseCode":200,"responseStatus":"Found 1 entitlement groups and 0 free entitlements matching requested entitlement ids","messageType":"EntitlementDetailsResponse"} at 1791122903
[Licensing::Client] Successfully resolved entitlement details
[Package Manager] Restoring resolved packages state from cache
[Licensing::Client] Successfully send message: {"messageType":"EntitlementDetailsRequest","entitlementIds":[],"packageEntitlementIds":["com.unity.modules.audio","com.unity.modules.androidjni","com.unity.modules.imgui","com.unity.modules.physics","com.unity.modules.jsonserialize","com.unity.modules.screencapture","com.unity.modules.ui","cn.tuanjie.codely.bridge","com.unity.modules.imageconversion","com.unity.ugui","com.unity.modules.unitywebrequest","com.unity.ext.nunit"],"includeCustomData":false} at 1791122903
[Licensing::Client] Successfully receive message: {"freeEntitlementIds":["com.unity.modules.audio","com.unity.modules.androidjni","com.unity.modules.imgui","com.unity.modules.physics","com.unity.modules.jsonserialize","com.unity.modules.screencapture","com.unity.modules.ui","cn.tuanjie.codely.bridge","com.unity.modules.imageconversion","com.unity.ugui","com.unity.modules.unitywebrequest","com.unity.ext.nunit"],"responseCode":200,"responseStatus":"Found 0 entitlement groups and 12 free entitlements matching requested entitlement ids","messageType":"EntitlementDetailsResponse"} at 1791122903
[Licensing::Client] Successfully resolved entitlement details
[Package Manager] Registered 12 packages:
  Packages from [https://packages.tuanjie.cn]:
    com.unity.ext.nunit@1.0.6 (location: /Users/qinziqian/Documents/overcooked-like/game/Library/PackageCache/com.unity.ext.nunit@1.0.6)
  Built-in packages:
    com.unity.modules.audio@1.0.0 (location: /Users/qinziqian/Documents/overcooked-like/game/Library/PackageCache/com.unity.modules.audio@1.0.0)
    com.unity.modules.androidjni@1.0.0 (location: /Users/qinziqian/Documents/overcooked-like/game/Library/PackageCache/com.unity.modules.androidjni@1.0.0)
    com.unity.modules.imgui@1.0.0 (location: /Users/qinziqian/Documents/overcooked-like/game/Library/PackageCache/com.unity.modules.imgui@1.0.0)
    com.unity.modules.physics@1.0.0 (location: /Users/qinziqian/Documents/overcooked-like/game/Library/PackageCache/com.unity.modules.physics@1.0.0)
    com.unity.modules.jsonserialize@1.0.0 (location: /Users/qinziqian/Documents/overcooked-like/game/Library/PackageCache/com.unity.modules.jsonserialize@1.0.0)
    com.unity.modules.screencapture@1.0.0 (location: /Users/qinziqian/Documents/overcooked-like/game/Library/PackageCache/com.unity.modules.screencapture@1.0.0)
    com.unity.modules.ui@1.0.0 (location: /Users/qinziqian/Documents/overcooked-like/game/Library/PackageCache/com.unity.modules.ui@1.0.0)
    com.unity.modules.imageconversion@1.0.0 (location: /Users/qinziqian/Documents/overcooked-like/game/Library/PackageCache/com.unity.modules.imageconversion@1.0.0)
    com.unity.ugui@1.0.0 (location: /Users/qinziqian/Documents/overcooked-like/game/Library/PackageCache/com.unity.ugui@1.0.0)
    com.unity.modules.unitywebrequest@1.0.0 (location: /Users/qinziqian/Documents/overcooked-like/game/Library/PackageCache/com.unity.modules.unitywebrequest@1.0.0)
  Local packages:
    cn.tuanjie.codely.bridge@file:/Users/qinziqian/Documents/overcooked-like/game/.codely.packages/cn.tuanjie.codely.bridge@1.0.85-785dea6a (location: /Users/qinziqian/Documents/overcooked-like/game/.codely.packages/cn.tuanjie.codely.bridge@1.0.85-785dea6a)
[Subsystems] No new subsystems found in resolved package list.
Package Manager log level set to [2]
[Package Manager] Done registering packages in 0.17 seconds
[Package Manager] Done resolving packages in 0.69 seconds
[Package Manager] Registered 12 packages:
  Packages from [https://packages.tuanjie.cn]:
    com.unity.ext.nunit@1.0.6 (location: /Users/qinziqian/Documents/overcooked-like/game/Library/PackageCache/com.unity.ext.nunit@1.0.6)
  Built-in packages:
    com.unity.modules.audio@1.0.0 (location: /Users/qinziqian/Documents/overcooked-like/game/Library/PackageCache/com.unity.modules.audio@1.0.0)
    com.unity.modules.androidjni@1.0.0 (location: /Users/qinziqian/Documents/overcooked-like/game/Library/PackageCache/com.unity.modules.androidjni@1.0.0)
    com.unity.modules.imgui@1.0.0 (location: /Users/qinziqian/Documents/overcooked-like/game/Library/PackageCache/com.unity.modules.imgui@1.0.0)
    com.unity.modules.physics@1.0.0 (location: /Users/qinziqian/Documents/overcooked-like/game/Library/PackageCache/com.unity.modules.physics@1.0.0)
    com.unity.modules.jsonserialize@1.0.0 (location: /Users/qinziqian/Documents/overcooked-like/game/Library/PackageCache/com.unity.modules.jsonserialize@1.0.0)
    com.unity.modules.screencapture@1.0.0 (location: /Users/qinziqian/Documents/overcooked-like/game/Library/PackageCache/com.unity.modules.screencapture@1.0.0)
    com.unity.modules.ui@1.0.0 (location: /Users/qinziqian/Documents/overcooked-like/game/Library/PackageCache/com.unity.modules.ui@1.0.0)
    com.unity.modules.imageconversion@1.0.0 (location: /Users/qinziqian/Documents/overcooked-like/game/Library/PackageCache/com.unity.modules.imageconversion@1.0.0)
    com.unity.ugui@1.0.0 (location: /Users/qinziqian/Documents/overcooked-like/game/Library/PackageCache/com.unity.ugui@1.0.0)
    com.unity.modules.unitywebrequest@1.0.0 (location: /Users/qinziqian/Documents/overcooked-like/game/Library/PackageCache/com.unity.modules.unitywebrequest@1.0.0)
  Local packages:
    cn.tuanjie.codely.bridge@file:/Users/qinziqian/Documents/overcooked-like/game/.codely.packages/cn.tuanjie.codely.bridge@1.0.85-785dea6a (location: /Users/qinziqian/Documents/overcooked-like/game/.codely.packages/cn.tuanjie.codely.bridge@1.0.85-785dea6a)
[Subsystems] No new subsystems found in resolved package list.
[Package Manager] Done registering packages in 0.00 seconds
Targeting platform: StandaloneOSX
Refreshing native plugins compatible for Editor in 13.21 ms, found 7 plugins.
Preloading 0 native plugins for Editor in 0.00 ms.
Initialize engine version: 2022.3.61t14 (3a70663b70e0)
[Subsystems] Discovering subsystems at path /Applications/Tuanjie/Hub/Editor/2022.3.61t14/Tuanjie.app/Contents/Resources/UnitySubsystems
[Subsystems] Discovering subsystems at path /Users/qinziqian/Documents/overcooked-like/game/Assets
GfxDevice: creating device client; threaded=0; jobified=0
 preferred device: Apple M5 (high power)
Metal devices available: 1
0: Apple M5 (high power)
Using device Apple M5 (high power)
Initializing Metal device caps: Apple M5
[Licensing::Client] Successfully send message: {"messageType":"EntitlementDetailsRequest","entitlementIds":["com.unity.editor.cluster","com.unity.editor.headless"],"packageEntitlementIds":[],"includeCustomData":false} at 1791122904
[Licensing::Client] Successfully receive message: {"entitlementGroups":[{"entitlementGroupId":"F4-W5GR-B6V2-Y5WE-WRK9-GR7N","entitlementGroupIdHash":"8d58bf4deb18ac7618b28a8936c405932a8efcb2","productName":"Unity Personal","productType":"TuanjieEditor","licenseType":"ULF","expiration":1791385701000,"matchedEntitlements":[{"entitlementId":"com.unity.editor.headless","isPackage":false,"count":1}]}],"responseCode":200,"responseStatus":"Found 1 entitlement groups and 0 free entitlements matching requested entitlement ids","messageType":"EntitlementDetailsResponse"} at 1791122904
[Licensing::Client] Successfully resolved entitlement details
Initialize mono
Mono path[0] = '/Applications/Tuanjie/Hub/Editor/2022.3.61t14/Tuanjie.app/Contents/Managed'
Mono path[1] = '/Applications/Tuanjie/Hub/Editor/2022.3.61t14/Tuanjie.app/Contents/MonoBleedingEdge/lib/mono/unityjit-macos'
Mono config path = '/Applications/Tuanjie/Hub/Editor/2022.3.61t14/Tuanjie.app/Contents/MonoBleedingEdge/etc'
Using monoOptions --debugger-agent=transport=dt_socket,embedding=1,server=y,suspend=n,address=0.0.0.0:56486
Using cacheserver namespaces - metadata:defaultmetadata, artifacts:defaultartifacts
Using cacheserver namespaces - metadata:defaultmetadata, artifacts:defaultartifacts
ImportWorker Server TCP listen port: 0
Begin MonoManager ReloadAssembly
Registering precompiled tuanjie dll's ...
Register platform support module: /Applications/Tuanjie/Hub/Editor/2022.3.61t14/Tuanjie.app/Contents/PlaybackEngines/MacStandaloneSupport/UnityEditor.OSXStandalone.Extensions.dll
[Licensing::Client] Successfully send message: {"messageType":"EntitlementDetailsRequest","entitlementIds":["com.unity.editor.platforms.android","com.unity.editor.headless"],"packageEntitlementIds":[],"includeCustomData":false} at 1791122904
[Licensing::Client] Successfully receive message: {"entitlementGroups":[{"entitlementGroupId":"F4-W5GR-B6V2-Y5WE-WRK9-GR7N","entitlementGroupIdHash":"8d58bf4deb18ac7618b28a8936c405932a8efcb2","productName":"Unity Personal","productType":"TuanjieEditor","licenseType":"ULF","expiration":1791385701000,"matchedEntitlements":[{"entitlementId":"com.unity.editor.platforms.android","isPackage":false,"count":1},{"entitlementId":"com.unity.editor.headless","isPackage":false,"count":1}]}],"responseCode":200,"responseStatus":"Found 1 entitlement groups and 0 free entitlements matching requested entitlement ids","messageType":"EntitlementDetailsResponse"} at 1791122904
[Licensing::Client] Successfully resolved entitlement details
Register platform support module: /Applications/Tuanjie/Hub/Editor/2022.3.61t14/PlaybackEngines/AndroidPlayer/UnityEditor.Android.Extensions.dll
Registered in 0.017756 seconds.
- Loaded All Assemblies, in  0.367 seconds
Native extension for Android target not found
Android Extension - Scanning For ADB Devices 214 ms
Native extension for OSXStandalone target not found
[Licensing::Client] Successfully send message: {"messageType":"EntitlementDetailsRequest","entitlementIds":["com.unity.editor.minigame.subplatform.wechat","com.unity.editor.headless"],"packageEntitlementIds":[],"includeCustomData":false} at 1791122905
[Licensing::Client] Successfully receive message: {"entitlementGroups":[{"entitlementGroupId":"F4-W5GR-B6V2-Y5WE-WRK9-GR7N","entitlementGroupIdHash":"8d58bf4deb18ac7618b28a8936c405932a8efcb2","productName":"Unity Personal","productType":"TuanjieEditor","licenseType":"ULF","expiration":1791385701000,"matchedEntitlements":[{"entitlementId":"com.unity.editor.headless","isPackage":false,"count":1},{"entitlementId":"com.unity.editor.minigame.subplatform.wechat","isPackage":false,"count":1}]}],"responseCode":200,"responseStatus":"Found 1 entitlement groups and 0 free entitlements matching requested entitlement ids","messageType":"EntitlementDetailsResponse"} at 1791122905
[Licensing::Client] Successfully resolved entitlement details
[Licensing::Client] Successfully send message: {"messageType":"EntitlementDetailsRequest","entitlementIds":["com.unity.editor.minigame.subplatform.douyin","com.unity.editor.headless"],"packageEntitlementIds":[],"includeCustomData":false} at 1791122905
[Licensing::Client] Successfully receive message: {"entitlementGroups":[{"entitlementGroupId":"F4-W5GR-B6V2-Y5WE-WRK9-GR7N","entitlementGroupIdHash":"8d58bf4deb18ac7618b28a8936c405932a8efcb2","productName":"Unity Personal","productType":"TuanjieEditor","licenseType":"ULF","expiration":1791385701000,"matchedEntitlements":[{"entitlementId":"com.unity.editor.headless","isPackage":false,"count":1},{"entitlementId":"com.unity.editor.minigame.subplatform.douyin","isPackage":false,"count":1}]}],"responseCode":200,"responseStatus":"Found 1 entitlement groups and 0 free entitlements matching requested entitlement ids","messageType":"EntitlementDetailsResponse"} at 1791122905
[Licensing::Client] Successfully resolved entitlement details
[Licensing::Client] Successfully send message: {"messageType":"EntitlementDetailsRequest","entitlementIds":["com.unity.editor.minigame.subplatform.kuaishou","com.unity.editor.headless"],"packageEntitlementIds":[],"includeCustomData":false} at 1791122905
[Licensing::Client] Successfully receive message: {"entitlementGroups":[{"entitlementGroupId":"F4-W5GR-B6V2-Y5WE-WRK9-GR7N","entitlementGroupIdHash":"8d58bf4deb18ac7618b28a8936c405932a8efcb2","productName":"Unity Personal","productType":"TuanjieEditor","licenseType":"ULF","expiration":1791385701000,"matchedEntitlements":[{"entitlementId":"com.unity.editor.headless","isPackage":false,"count":1},{"entitlementId":"com.unity.editor.minigame.subplatform.kuaishou","isPackage":false,"count":1}]}],"responseCode":200,"responseStatus":"Found 1 entitlement groups and 0 free entitlements matching requested entitlement ids","messageType":"EntitlementDetailsResponse"} at 1791122905
[Licensing::Client] Successfully resolved entitlement details
[Licensing::Client] Successfully send message: {"messageType":"EntitlementDetailsRequest","entitlementIds":["com.unity.editor.minigame.subplatform.minihost","com.unity.editor.headless"],"packageEntitlementIds":[],"includeCustomData":false} at 1791122905
[Licensing::Client] Successfully receive message: {"entitlementGroups":[{"entitlementGroupId":"F4-W5GR-B6V2-Y5WE-WRK9-GR7N","entitlementGroupIdHash":"8d58bf4deb18ac7618b28a8936c405932a8efcb2","productName":"Unity Personal","productType":"TuanjieEditor","licenseType":"ULF","expiration":1791385701000,"matchedEntitlements":[{"entitlementId":"com.unity.editor.headless","isPackage":false,"count":1},{"entitlementId":"com.unity.editor.minigame.subplatform.minihost","isPackage":false,"count":1}]}],"responseCode":200,"responseStatus":"Found 1 entitlement groups and 0 free entitlements matching requested entitlement ids","messageType":"EntitlementDetailsResponse"} at 1791122905
[Licensing::Client] Successfully resolved entitlement details
Mono: successfully reloaded assembly
- Finished resetting the current domain, in  0.490 seconds
Domain Reload Profiling: 858ms
	BeginReloadAssembly (119ms)
		ExecutionOrderSort (0ms)
		DisableScriptedObjects (0ms)
		BackupInstance (0ms)
		ReleaseScriptingObjects (0ms)
		CreateAndSetChildDomain (1ms)
	RebuildCommonClasses (32ms)
	RebuildNativeTypeToScriptingClass (9ms)
	initialDomainReloadingComplete (56ms)
	LoadAllAssembliesAndSetupDomain (152ms)
		LoadAssemblies (120ms)
		RebuildTransferFunctionScriptingTraits (0ms)
		AnalyzeDomain (148ms)
			TypeCache.Refresh (146ms)
				TypeCache.ScanAssembly (128ms)
			ScanForSourceGeneratedMonoScriptInfo (0ms)
			ResolveRequiredComponents (1ms)
	FinalizeReload (490ms)
		ReleaseScriptCaches (0ms)
		RebuildScriptCaches (0ms)
		SetupLoadedEditorAssemblies (450ms)
			LogAssemblyErrors (0ms)
			InitializePlatformSupportModulesInManaged (285ms)
			SetLoadedEditorAssemblies (4ms)
			RefreshPlugins (0ms)
			BeforeProcessingInitializeOnLoad (2ms)
			ProcessInitializeOnLoadAttributes (148ms)
			ProcessInitializeOnLoadMethodAttributes (11ms)
			AfterProcessingInitializeOnLoad (0ms)
			EditorAssembliesLoaded (0ms)
		ExecutionOrderSort2 (0ms)
		AwakeInstancesAfterBackupRestoration (0ms)
[Licensing::Client] Successfully send message: {"messageType":"EntitlementDetailsRequest","entitlementIds":["com.unity.editor.legacy.pro","com.unity.editor.watermarks.disable","com.unity.editor.watermarks.prototyping","com.unity.editor.watermarks.edu","com.unity.editor.watermarks.trial","com.unity.editor.time-limited-license","com.unity.editor.cluster","com.unity.editor.unity.compliant","com.unity.editor.watermarks.forcedisable","com.unity.editor.open-harmony.analytics.disabled","com.unity.editor.mini-game.analytics.disabled","com.unity.editor.unity.expiration.2d","com.unity.editor.unity.expiration.7d","com.unity.editor.headless"],"packageEntitlementIds":[],"includeCustomData":false} at 1791122905
[Licensing::Client] Successfully receive message: {"entitlementGroups":[{"entitlementGroupId":"F4-W5GR-B6V2-Y5WE-WRK9-GR7N","entitlementGroupIdHash":"8d58bf4deb18ac7618b28a8936c405932a8efcb2","productName":"Unity Personal","productType":"TuanjieEditor","licenseType":"ULF","expiration":1791385701000,"matchedEntitlements":[{"entitlementId":"com.unity.editor.headless","isPackage":false,"count":1},{"entitlementId":"com.unity.editor.unity.expiration.2d","isPackage":false,"count":1},{"entitlementId":"com.unity.editor.watermarks.forcedisable","isPackage":false,"count":1},{"entitlementId":"com.unity.editor.unity.compliant","isPackage":false,"count":1},{"entitlementId":"com.unity.editor.mini-game.analytics.disabled","isPackage":false,"count":1},{"entitlementId":"com.unity.editor.time-limited-license","isPackage":false,"count":1}]}],"responseCode":200,"responseStatus":"Found 1 entitlement groups and 0 free entitlements matching requested entitlement ids","messageType":"EntitlementDetailsResponse"} at 1791122905
[Licensing::Client] Successfully resolved entitlement details
Application.AssetDatabase Initial Refresh Start
[ScriptCompilation] Requested script compilation because: Assetdatabase observed changes in script compilation related files
[40m[32minfo[39m[22m[49m: Microsoft.Hosting.Lifetime[14]
      Now listening on: http://unix:/tmp/ilpp.sock-f756a1c31a2391e118913e99e0bc0cce
[40m[32minfo[39m[22m[49m: Microsoft.Hosting.Lifetime[0]
      Application started. Press Ctrl+C to shut down.
[40m[32minfo[39m[22m[49m: Microsoft.Hosting.Lifetime[0]
      Hosting environment: Production
[40m[32minfo[39m[22m[49m: Microsoft.Hosting.Lifetime[0]
      Content root path: /Users/qinziqian/Documents/overcooked-like/game/
[40m[32minfo[39m[22m[49m: Microsoft.AspNetCore.Hosting.Diagnostics[1]
      Request starting HTTP/2 POST http://ilpp/UnityILPP.PostProcessing/Ping application/grpc -
[40m[32minfo[39m[22m[49m: Microsoft.AspNetCore.Routing.EndpointMiddleware[0]
      Executing endpoint 'gRPC - /UnityILPP.PostProcessing/Ping'
[40m[32minfo[39m[22m[49m: Microsoft.AspNetCore.Routing.EndpointMiddleware[1]
      Executed endpoint 'gRPC - /UnityILPP.PostProcessing/Ping'
[40m[32minfo[39m[22m[49m: Microsoft.AspNetCore.Hosting.Diagnostics[2]
      Request finished HTTP/2 POST http://ilpp/UnityILPP.PostProcessing/Ping application/grpc - - 200 - application/grpc 51.6557ms
Starting: /Applications/Tuanjie/Hub/Editor/2022.3.61t14/Tuanjie.app/Contents/bee_backend --dont-print-to-structured-log --ipc --defer-dag-verification --dagfile="Library/Bee/200b0aE.dag" --continue-on-failure --profile="Library/Bee/backend1.traceevents" ScriptAssemblies
WorkingDir: /Users/qinziqian/Documents/overcooked-like/game
DisplayProgressbar: Compiling Scripts
ExitCode: 3 Duration: 2s252ms
[152/158    2s] Csc Library/Bee/artifacts/200b0aE.dag/Assembly-CSharp.dll (+2 others)
##### CommandLine
"/Applications/Tuanjie/Hub/Editor/2022.3.61t14/Tuanjie.app/Contents/NetCoreRuntime/dotnet" exec "/Applications/Tuanjie/Hub/Editor/2022.3.61t14/Tuanjie.app/Contents/DotNetSdkRoslyn/csc.dll" /nostdlib /noconfig /shared "@Library/Bee/artifacts/200b0aE.dag/Assembly-CSharp.rsp" "@Library/Bee/artifacts/200b0aE.dag/Assembly-CSharp.rsp2"
##### Contents of Library/Bee/artifacts/200b0aE.dag/Assembly-CSharp.rsp
-target:library
-out:"Library/Bee/artifacts/200b0aE.dag/Assembly-CSharp.dll"
-refout:"Library/Bee/artifacts/200b0aE.dag/Assembly-CSharp.ref.dll"
-define:UNITY_2022_3_61
-define:UNITY_2022_3
-define:UNITY_2022
-define:TUANJIE_1_6_13
-define:TUANJIE_1_6
-define:TUANJIE_1
-define:UNITY_5_3_OR_NEWER
-define:UNITY_5_4_OR_NEWER
-define:UNITY_5_5_OR_NEWER
-define:UNITY_5_6_OR_NEWER
-define:UNITY_2017_1_OR_NEWER
-define:UNITY_2017_2_OR_NEWER
-define:UNITY_2017_3_OR_NEWER
-define:UNITY_2017_4_OR_NEWER
-define:UNITY_2018_1_OR_NEWER
-define:UNITY_2018_2_OR_NEWER
-define:UNITY_2018_3_OR_NEWER
-define:UNITY_2018_4_OR_NEWER
-define:UNITY_2019_1_OR_NEWER
-define:UNITY_2019_2_OR_NEWER
-define:UNITY_2019_3_OR_NEWER
-define:UNITY_2019_4_OR_NEWER
-define:UNITY_2020_1_OR_NEWER
-define:UNITY_2020_2_OR_NEWER
-define:UNITY_2020_3_OR_NEWER
-define:UNITY_2021_1_OR_NEWER
-define:UNITY_2021_2_OR_NEWER
-define:UNITY_2021_3_OR_NEWER
-define:UNITY_2022_1_OR_NEWER
-define:UNITY_2022_2_OR_NEWER
-define:UNITY_2022_3_OR_NEWER
-define:TUANJIE_2022_3_OR_NEWER
-define:TUANJIE_1_0_OR_NEWER
-define:TUANJIE_1_1_OR_NEWER
-define:TUANJIE_1_2_OR_NEWER
-define:TUANJIE_1_3_OR_NEWER
-define:TUANJIE_1_4_OR_NEWER
-define:TUANJIE_1_5_OR_NEWER
-define:TUANJIE_1_6_OR_NEWER
-define:PLATFORM_ARCH_64
-define:UNITY_64
-define:UNITY_INCLUDE_TESTS
-define:ENABLE_AR
-define:ENABLE_AUDIO
-define:ENABLE_CACHING
-define:ENABLE_CLOTH
-define:ENABLE_MICROPHONE
-define:ENABLE_MULTIPLE_DISPLAYS
-define:ENABLE_PHYSICS
-define:ENABLE_TEXTURE_STREAMING
-define:ENABLE_VIRTUALTEXTURING
-define:ENABLE_LZMA
-define:ENABLE_UNITYEVENTS
-define:ENABLE_VR
-define:ENABLE_WEBCAM
-define:ENABLE_UNITYWEBREQUEST
-define:ENABLE_WWW
-define:ENABLE_CLOUD_SERVICES
-define:ENABLE_CLOUD_SERVICES_ADS
-define:ENABLE_CLOUD_SERVICES_USE_WEBREQUEST
-define:ENABLE_CLOUD_SERVICES_CRASH_REPORTING
-define:ENABLE_CLOUD_SERVICES_NATIVE_CRASH_REPORTING
-define:ENABLE_CLOUD_SERVICES_PURCHASING
-define:ENABLE_CLOUD_SERVICES_ANALYTICS
-define:ENABLE_CLOUD_SERVICES_BUILD
-define:ENABLE_EDITOR_GAME_SERVICES
-define:ENABLE_UNITY_GAME_SERVICES_ANALYTICS_SUPPORT
-define:ENABLE_CLOUD_LICENSE
-define:ENABLE_EDITOR_HUB_LICENSE
-define:ENABLE_WEBSOCKET_CLIENT
-define:ENABLE_GENERATE_NATIVE_PLUGINS_FOR_ASSEMBLIES_API
-define:ENABLE_DIRECTOR_AUDIO
-define:ENABLE_DIRECTOR_TEXTURE
-define:ENABLE_MANAGED_JOBS
-define:ENABLE_MANAGED_TRANSFORM_JOBS
-define:ENABLE_MANAGED_ANIMATION_JOBS
-define:ENABLE_MANAGED_AUDIO_JOBS
-define:ENABLE_MANAGED_UNITYTLS
-define:INCLUDE_DYNAMIC_GI
-define:ENABLE_SCRIPTING_GC_WBARRIERS
-define:PLATFORM_SUPPORTS_MONO
-define:RENDER_SOFTWARE_CURSOR
-define:ENABLE_VIDEO
-define:ENABLE_ACCELERATOR_CLIENT_DEBUGGING
-define:ENABLE_NAVIGATION_PACKAGE_DEBUG_VISUALIZATION
-define:ENABLE_NAVIGATION_HEIGHTMESH_RUNTIME_SUPPORT
-define:ENABLE_NAVIGATION_UI_REQUIRES_PACKAGE
-define:PLATFORM_STANDALONE
-define:TEXTCORE_1_0_OR_NEWER
-define:PLATFORM_STANDALONE_OSX
-define:UNITY_STANDALONE_OSX
-define:UNITY_STANDALONE
-define:ENABLE_GAMECENTER
-define:ENABLE_RUNTIME_GI
-define:ENABLE_MOVIES
-define:ENABLE_NETWORK
-define:ENABLE_CRUNCH_TEXTURE_COMPRESSION
-define:ENABLE_CLUSTER_SYNC
-define:ENABLE_CLUSTERINPUT
-define:ENABLE_SPATIALTRACKING
-define:PLATFORM_UPDATES_TIME_OUTSIDE_OF_PLAYER_LOOP
-define:ENABLE_MONO
-define:NET_STANDARD_2_0
-define:NET_STANDARD
-define:NET_STANDARD_2_1
-define:NETSTANDARD
-define:NETSTANDARD2_1
-define:ENABLE_PROFILER
-define:DEBUG
-define:TRACE
-define:UNITY_ASSERTIONS
-define:UNITY_EDITOR
-define:UNITY_EDITOR_64
-define:UNITY_EDITOR_OSX
-define:ENABLE_SCRIPTS_ENCRYPTION
-define:ENABLE_UNITY_COLLECTIONS_CHECKS
-define:ENABLE_BURST_AOT
-define:UNITY_TEAM_LICENSE
-define:ENABLE_CUSTOM_RENDER_TEXTURE
-define:ENABLE_DIRECTOR
-define:ENABLE_LOCALIZATION
-define:ENABLE_SPRITES
-define:ENABLE_TERRAIN
-define:ENABLE_TILEMAP
-define:ENABLE_TIMELINE
-define:ENABLE_LEGACY_INPUT_MANAGER
-define:TEXTCORE_FONT_ENGINE_1_5_OR_NEWER
-define:CSHARP_7_OR_LATER
-define:CSHARP_7_3_OR_NEWER
-r:".codely.packages/cn.tuanjie.codely.bridge@1.0.85-785dea6a/Plugins/Codely.Newtonsoft.Json.dll"
-r:"/Applications/Tuanjie/Hub/Editor/2022.3.61t14/PlaybackEngines/AndroidPlayer/Unity.Android.Gradle.dll"
-r:"/Applications/Tuanjie/Hub/Editor/2022.3.61t14/PlaybackEngines/AndroidPlayer/Unity.Android.GradleProject.dll"
-r:"/Applications/Tuanjie/Hub/Editor/2022.3.61t14/PlaybackEngines/AndroidPlayer/Unity.Android.Types.dll"
-r:"/Applications/Tuanjie/Hub/Editor/2022.3.61t14/Tuanjie.app/Contents/Managed/UnityEngine/UnityEditor.CoreModule.dll"
-r:"/Applications/Tuanjie/Hub/Editor/2022.3.61t14/Tuanjie.app/Contents/Managed/UnityEngine/UnityEditor.DeviceSimulatorModule.dll"
-r:"/Applications/Tuanjie/Hub/Editor/2022.3.61t14/Tuanjie.app/Contents/Managed/UnityEngine/UnityEditor.DiagnosticsModule.dll"
-r:"/Applications/Tuanjie/Hub/Editor/2022.3.61t14/Tuanjie.app/Contents/Managed/UnityEngine/UnityEditor.dll"
-r:"/Applications/Tuanjie/Hub/Editor/2022.3.61t14/Tuanjie.app/Contents/Managed/UnityEngine/UnityEditor.EditorToolbarModule.dll"
-r:"/Applications/Tuanjie/Hub/Editor/2022.3.61t14/Tuanjie.app/Contents/Managed/UnityEngine/UnityEditor.GraphViewModule.dll"
-r:"/Applications/Tuanjie/Hub/Editor/2022.3.61t14/Tuanjie.app/Contents/Managed/UnityEngine/UnityEditor.HMISimulatorModule.dll"
-r:"/Applications/Tuanjie/Hub/Editor/2022.3.61t14/Tuanjie.app/Contents/Managed/UnityEngine/UnityEditor.PresetsUIModule.dll"
-r:"/Applications/Tuanjie/Hub/Editor/2022.3.61t14/Tuanjie.app/Contents/Managed/UnityEngine/UnityEditor.QuickSearchModule.dll"
-r:"/Applications/Tuanjie/Hub/Editor/2022.3.61t14/Tuanjie.app/Contents/Managed/UnityEngine/UnityEditor.SceneTemplateModule.dll"
-r:"/Applications/Tuanjie/Hub/Editor/2022.3.61t14/Tuanjie.app/Contents/Managed/UnityEngine/UnityEditor.SceneViewModule.dll"
-r:"/Applications/Tuanjie/Hub/Editor/2022.3.61t14/Tuanjie.app/Contents/Managed/UnityEngine/UnityEditor.TextCoreFontEngineModule.dll"
-r:"/Applications/Tuanjie/Hub/Editor/2022.3.61t14/Tuanjie.app/Contents/Managed/UnityEngine/UnityEditor.TextCoreTextEngineModule.dll"
-r:"/Applications/Tuanjie/Hub/Editor/2022.3.61t14/Tuanjie.app/Contents/Managed/UnityEngine/UnityEditor.UIBuilderModule.dll"
-r:"/Applications/Tuanjie/Hub/Editor/2022.3.61t14/Tuanjie.app/Contents/Managed/UnityEngine/UnityEditor.UIElementsModule.dll"
-r:"/Applications/Tuanjie/Hub/Editor/2022.3.61t14/Tuanjie.app/Contents/Managed/UnityEngine/UnityEditor.UIElementsSamplesModule.dll"
-r:"/Applications/Tuanjie/Hub/Editor/2022.3.61t14/Tuanjie.app/Contents/Managed/UnityEngine/UnityEditor.UnityConnectModule.dll"
-r:"/Applications/Tuanjie/Hub/Editor/2022.3.61t14/Tuanjie.app/Contents/Managed/UnityEngine/UnityEngine.AccessibilityModule.dll"
-r:"/Applications/Tuanjie/Hub/Editor/2022.3.61t14/Tuanjie.app/Contents/Managed/UnityEngine/UnityEngine.AndroidJNIModule.dll"
-r:"/Applications/Tuanjie/Hub/Editor/2022.3.61t14/Tuanjie.app/Contents/Managed/UnityEngine/UnityEngine.ARModule.dll"
-r:"/Applications/Tuanjie/Hub/Editor/2022.3.61t14/Tuanjie.app/Contents/Managed/UnityEngine/UnityEngine.AudioModule.dll"
-r:"/Applications/Tuanjie/Hub/Editor/2022.3.61t14/Tuanjie.app/Contents/Managed/UnityEngine/UnityEngine.ClusterInputModule.dll"
-r:"/Applications/Tuanjie/Hub/Editor/2022.3.61t14/Tuanjie.app/Contents/Managed/UnityEngine/UnityEngine.ClusterRendererModule.dll"
-r:"/Applications/Tuanjie/Hub/Editor/2022.3.61t14/Tuanjie.app/Contents/Managed/UnityEngine/UnityEngine.ContentLoadModule.dll"
-r:"/Applications/Tuanjie/Hub/Editor/2022.3.61t14/Tuanjie.app/Contents/Managed/UnityEngine/UnityEngine.CoreModule.dll"
-r:"/Applications/Tuanjie/Hub/Editor/2022.3.61t14/Tuanjie.app/Contents/Managed/UnityEngine/UnityEngine.CrashReportingModule.dll"
-r:"/Applications/Tuanjie/Hub/Editor/2022.3.61t14/Tuanjie.app/Contents/Managed/UnityEngine/UnityEngine.dll"
-r:"/Applications/Tuanjie/Hub/Editor/2022.3.61t14/Tuanjie.app/Contents/Managed/UnityEngine/UnityEngine.DSPGraphModule.dll"
-r:"/Applications/Tuanjie/Hub/Editor/2022.3.61t14/Tuanjie.app/Contents/Managed/UnityEngine/UnityEngine.GameCenterModule.dll"
-r:"/Applications/Tuanjie/Hub/Editor/2022.3.61t14/Tuanjie.app/Contents/Managed/UnityEngine/UnityEngine.GIModule.dll"
-r:"/Applications/Tuanjie/Hub/Editor/2022.3.61t14/Tuanjie.app/Contents/Managed/UnityEngine/UnityEngine.GridModule.dll"
-r:"/Applications/Tuanjie/Hub/Editor/2022.3.61t14/Tuanjie.app/Contents/Managed/UnityEngine/UnityEngine.HotReloadModule.dll"
-r:"/Applications/Tuanjie/Hub/Editor/2022.3.61t14/Tuanjie.app/Contents/Managed/UnityEngine/UnityEngine.ImageConversionModule.dll"
-r:"/Applications/Tuanjie/Hub/Editor/2022.3.61t14/Tuanjie.app/Contents/Managed/UnityEngine/UnityEngine.IMGUIModule.dll"
-r:"/Applications/Tuanjie/Hub/Editor/2022.3.61t14/Tuanjie.app/Contents/Managed/UnityEngine/UnityEngine.InputLegacyModule.dll"
-r:"/Applications/Tuanjie/Hub/Editor/2022.3.61t14/Tuanjie.app/Contents/Managed/UnityEngine/UnityEngine.InputModule.dll"
-r:"/Applications/Tuanjie/Hub/Editor/2022.3.61t14/Tuanjie.app/Contents/Managed/UnityEngine/UnityEngine.JSONSerializeModule.dll"
-r:"/Applications/Tuanjie/Hub/Editor/2022.3.61t14/Tuanjie.app/Contents/Managed/UnityEngine/UnityEngine.LocalizationModule.dll"
-r:"/Applications/Tuanjie/Hub/Editor/2022.3.61t14/Tuanjie.app/Contents/Managed/UnityEngine/UnityEngine.OpenHarmonyJSModule.dll"
-r:"/Applications/Tuanjie/Hub/Editor/2022.3.61t14/Tuanjie.app/Contents/Managed/UnityEngine/UnityEngine.PerformanceReportingModule.dll"
-r:"/Applications/Tuanjie/Hub/Editor/2022.3.61t14/Tuanjie.app/Contents/Managed/UnityEngine/UnityEngine.PhysicsModule.dll"
-r:"/Applications/Tuanjie/Hub/Editor/2022.3.61t14/Tuanjie.app/Contents/Managed/UnityEngine/UnityEngine.ProfilerModule.dll"
-r:"/Applications/Tuanjie/Hub/Editor/2022.3.61t14/Tuanjie.app/Contents/Managed/UnityEngine/UnityEngine.PropertiesModule.dll"
-r:"/Applications/Tuanjie/Hub/Editor/2022.3.61t14/Tuanjie.app/Contents/Managed/UnityEngine/UnityEngine.RuntimeInitializeOnLoadManagerInitializerModule.dll"
-r:"/Applications/Tuanjie/Hub/Editor/2022.3.61t14/Tuanjie.app/Contents/Managed/UnityEngine/UnityEngine.ScreenCaptureModule.dll"
-r:"/Applications/Tuanjie/Hub/Editor/2022.3.61t14/Tuanjie.app/Contents/Managed/UnityEngine/UnityEngine.SharedInternalsModule.dll"
-r:"/Applications/Tuanjie/Hub/Editor/2022.3.61t14/Tuanjie.app/Contents/Managed/UnityEngine/UnityEngine.SpriteMaskModule.dll"
-r:"/Applications/Tuanjie/Hub/Editor/2022.3.61t14/Tuanjie.app/Contents/Managed/UnityEngine/UnityEngine.SpriteShapeModule.dll"
-r:"/Applications/Tuanjie/Hub/Editor/2022.3.61t14/Tuanjie.app/Contents/Managed/UnityEngine/UnityEngine.StreamingModule.dll"
-r:"/Applications/Tuanjie/Hub/Editor/2022.3.61t14/Tuanjie.app/Contents/Managed/UnityEngine/UnityEngine.SubstanceModule.dll"
-r:"/Applications/Tuanjie/Hub/Editor/2022.3.61t14/Tuanjie.app/Contents/Managed/UnityEngine/UnityEngine.TextCoreFontEngineModule.dll"
-r:"/Applications/Tuanjie/Hub/Editor/2022.3.61t14/Tuanjie.app/Contents/Managed/UnityEngine/UnityEngine.TextCoreTextEngineModule.dll"
-r:"/Applications/Tuanjie/Hub/Editor/2022.3.61t14/Tuanjie.app/Contents/Managed/UnityEngine/UnityEngine.TextRenderingModule.dll"
-r:"/Applications/Tuanjie/Hub/Editor/2022.3.61t14/Tuanjie.app/Contents/Managed/UnityEngine/UnityEngine.TLSModule.dll"
-r:"/Applications/Tuanjie/Hub/Editor/2022.3.61t14/Tuanjie.app/Contents/Managed/UnityEngine/UnityEngine.UIModule.dll"
-r:"/Applications/Tuanjie/Hub/Editor/2022.3.61t14/Tuanjie.app/Contents/Managed/UnityEngine/UnityEngine.UnityAnalyticsCommonModule.dll"
-r:"/Applications/Tuanjie/Hub/Editor/2022.3.61t14/Tuanjie.app/Contents/Managed/UnityEngine/UnityEngine.UnityConnectModule.dll"
-r:"/Applications/Tuanjie/Hub/Editor/2022.3.61t14/Tuanjie.app/Contents/Managed/UnityEngine/UnityEngine.UnityCurlModule.dll"
-r:"/Applications/Tuanjie/Hub/Editor/2022.3.61t14/Tuanjie.app/Contents/Managed/UnityEngine/UnityEngine.UnityTestProtocolModule.dll"
-r:"/Applications/Tuanjie/Hub/Editor/2022.3.61t14/Tuanjie.app/Contents/Managed/UnityEngine/UnityEngine.UnityWebRequestModule.dll"
-r:"/Applications/Tuanjie/Hub/Editor/2022.3.61t14/Tuanjie.app/Contents/Managed/UnityEngine/UnityEngine.VFXModule.dll"
-r:"/Applications/Tuanjie/Hub/Editor/2022.3.61t14/Tuanjie.app/Contents/Managed/UnityEngine/UnityEngine.VirtualTexturingModule.dll"
-r:"/Applications/Tuanjie/Hub/Editor/2022.3.61t14/Tuanjie.app/Contents/NetStandard/compat/2.1.0/shims/netfx/mscorlib.dll"
-r:"/Applications/Tuanjie/Hub/Editor/2022.3.61t14/Tuanjie.app/Contents/NetStandard/compat/2.1.0/shims/netfx/System.ComponentModel.Composition.dll"
-r:"/Applications/Tuanjie/Hub/Editor/2022.3.61t14/Tuanjie.app/Contents/NetStandard/compat/2.1.0/shims/netfx/System.Core.dll"
-r:"/Applications/Tuanjie/Hub/Editor/2022.3.61t14/Tuanjie.app/Contents/NetStandard/compat/2.1.0/shims/netfx/System.Data.dll"
-r:"/Applications/Tuanjie/Hub/Editor/2022.3.61t14/Tuanjie.app/Contents/NetStandard/compat/2.1.0/shims/netfx/System.dll"
-r:"/Applications/Tuanjie/Hub/Editor/2022.3.61t14/Tuanjie.app/Contents/NetStandard/compat/2.1.0/shims/netfx/System.Drawing.dll"
-r:"/Applications/Tuanjie/Hub/Editor/2022.3.61t14/Tuanjie.app/Contents/NetStandard/compat/2.1.0/shims/netfx/System.IO.Compression.FileSystem.dll"
-r:"/Applications/Tuanjie/Hub/Editor/2022.3.61t14/Tuanjie.app/Contents/NetStandard/compat/2.1.0/shims/netfx/System.Net.dll"
-r:"/Applications/Tuanjie/Hub/Editor/2022.3.61t14/Tuanjie.app/Contents/NetStandard/compat/2.1.0/shims/netfx/System.Numerics.dll"
-r:"/Applications/Tuanjie/Hub/Editor/2022.3.61t14/Tuanjie.app/Contents/NetStandard/compat/2.1.0/shims/netfx/System.Runtime.Serialization.dll"
-r:"/Applications/Tuanjie/Hub/Editor/2022.3.61t14/Tuanjie.app/Contents/NetStandard/compat/2.1.0/shims/netfx/System.ServiceModel.Web.dll"
-r:"/Applications/Tuanjie/Hub/Editor/2022.3.61t14/Tuanjie.app/Contents/NetStandard/compat/2.1.0/shims/netfx/System.Transactions.dll"
-r:"/Applications/Tuanjie/Hub/Editor/2022.3.61t14/Tuanjie.app/Contents/NetStandard/compat/2.1.0/shims/netfx/System.Web.dll"
-r:"/Applications/Tuanjie/Hub/Editor/2022.3.61t14/Tuanjie.app/Contents/NetStandard/compat/2.1.0/shims/netfx/System.Windows.dll"
-r:"/Applications/Tuanjie/Hub/Editor/2022.3.61t14/Tuanjie.app/Contents/NetStandard/compat/2.1.0/shims/netfx/System.Xml.dll"
-r:"/Applications/Tuanjie/Hub/Editor/2022.3.61t14/Tuanjie.app/Contents/NetStandard/compat/2.1.0/shims/netfx/System.Xml.Linq.dll"
-r:"/Applications/Tuanjie/Hub/Editor/2022.3.61t14/Tuanjie.app/Contents/NetStandard/compat/2.1.0/shims/netfx/System.Xml.Serialization.dll"
-r:"/Applications/Tuanjie/Hub/Editor/2022.3.61t14/Tuanjie.app/Contents/NetStandard/compat/2.1.0/shims/netstandard/Microsoft.Win32.Primitives.dll"
-r:"/Applications/Tuanjie/Hub/Editor/2022.3.61t14/Tuanjie.app/Contents/NetStandard/compat/2.1.0/shims/netstandard/System.AppContext.dll"
-r:"/Applications/Tuanjie/Hub/Editor/2022.3.61t14/Tuanjie.app/Contents/NetStandard/compat/2.1.0/shims/netstandard/System.Buffers.dll"
-r:"/Applications/Tuanjie/Hub/Editor/2022.3.61t14/Tuanjie.app/Contents/NetStandard/compat/2.1.0/shims/netstandard/System.Collections.Concurrent.dll"
-r:"/Applications/Tuanjie/Hub/Editor/2022.3.61t14/Tuanjie.app/Contents/NetStandard/compat/2.1.0/shims/netstandard/System.Collections.dll"
-r:"/Applications/Tuanjie/Hub/Editor/2022.3.61t14/Tuanjie.app/Contents/NetStandard/compat/2.1.0/shims/netstandard/System.Collections.NonGeneric.dll"
-r:"/Applications/Tuanjie/Hub/Editor/2022.3.61t14/Tuanjie.app/Contents/NetStandard/compat/2.1.0/shims/netstandard/System.Collections.Specialized.dll"
-r:"/Applications/Tuanjie/Hub/Editor/2022.3.61t14/Tuanjie.app/Contents/NetStandard/compat/2.1.0/shims/netstandard/System.ComponentModel.dll"
-r:"/Applications/Tuanjie/Hub/Editor/2022.3.61t14/Tuanjie.app/Contents/NetStandard/compat/2.1.0/shims/netstandard/System.ComponentModel.EventBasedAsync.dll"
-r:"/Applications/Tuanjie/Hub/Editor/2022.3.61t14/Tuanjie.app/Contents/NetStandard/compat/2.1.0/shims/netstandard/System.ComponentModel.Primitives.dll"
-r:"/Applications/Tuanjie/Hub/Editor/2022.3.61t14/Tuanjie.app/Contents/NetStandard/compat/2.1.0/shims/netstandard/System.ComponentModel.TypeConverter.dll"
-r:"/Applications/Tuanjie/Hub/Editor/2022.3.61t14/Tuanjie.app/Contents/NetStandard/compat/2.1.0/shims/netstandard/System.Console.dll"
-r:"/Applications/Tuanjie/Hub/Editor/2022.3.61t14/Tuanjie.app/Contents/NetStandard/compat/2.1.0/shims/netstandard/System.Data.Common.dll"
-r:"/Applications/Tuanjie/Hub/Editor/2022.3.61t14/Tuanjie.app/Contents/NetStandard/compat/2.1.0/shims/netstandard/System.Diagnostics.Contracts.dll"
-r:"/Applications/Tuanjie/Hub/Editor/2022.3.61t14/Tuanjie.app/Contents/NetStandard/compat/2.1.0/shims/netstandard/System.Diagnostics.Debug.dll"
-r:"/Applications/Tuanjie/Hub/Editor/2022.3.61t14/Tuanjie.app/Contents/NetStandard/compat/2.1.0/shims/netstandard/System.Diagnostics.FileVersionInfo.dll"
-r:"/Applications/Tuanjie/Hub/Editor/2022.3.61t14/Tuanjie.app/Contents/NetStandard/compat/2.1.0/shims/netstandard/System.Diagnostics.Process.dll"
-r:"/Applications/Tuanjie/Hub/Editor/2022.3.61t14/Tuanjie.app/Contents/NetStandard/compat/2.1.0/shims/netstandard/System.Diagnostics.StackTrace.dll"
-r:"/Applications/Tuanjie/Hub/Editor/2022.3.61t14/Tuanjie.app/Contents/NetStandard/compat/2.1.0/shims/netstandard/System.Diagnostics.TextWriterTraceListener.dll"
-r:"/Applications/Tuanjie/Hub/Editor/2022.3.61t14/Tuanjie.app/Contents/NetStandard/compat/2.1.0/shims/netstandard/System.Diagnostics.Tools.dll"
-r:"/Applications/Tuanjie/Hub/Editor/2022.3.61t14/Tuanjie.app/Contents/NetStandard/compat/2.1.0/shims/netstandard/System.Diagnostics.TraceSource.dll"
-r:"/Applications/Tuanjie/Hub/Editor/2022.3.61t14/Tuanjie.app/Contents/NetStandard/compat/2.1.0/shims/netstandard/System.Diagnostics.Tracing.dll"
-r:"/Applications/Tuanjie/Hub/Editor/2022.3.61t14/Tuanjie.app/Contents/NetStandard/compat/2.1.0/shims/netstandard/System.Drawing.Primitives.dll"
-r:"/Applications/Tuanjie/Hub/Editor/2022.3.61t14/Tuanjie.app/Contents/NetStandard/compat/2.1.0/shims/netstandard/System.Dynamic.Runtime.dll"
-r:"/Applications/Tuanjie/Hub/Editor/2022.3.61t14/Tuanjie.app/Contents/NetStandard/compat/2.1.0/shims/netstandard/System.Globalization.Calendars.dll"
-r:"/Applications/Tuanjie/Hub/Editor/2022.3.61t14/Tuanjie.app/Contents/NetStandard/compat/2.1.0/shims/netstandard/System.Globalization.dll"
-r:"/Applications/Tuanjie/Hub/Editor/2022.3.61t14/Tuanjie.app/Contents/NetStandard/compat/2.1.0/shims/netstandard/System.Globalization.Extensions.dll"
-r:"/Applications/Tuanjie/Hub/Editor/2022.3.61t14/Tuanjie.app/Contents/NetStandard/compat/2.1.0/shims/netstandard/System.IO.Compression.dll"
-r:"/Applications/Tuanjie/Hub/Editor/2022.3.61t14/Tuanjie.app/Contents/NetStandard/compat/2.1.0/shims/netstandard/System.IO.Compression.ZipFile.dll"
-r:"/Applications/Tuanjie/Hub/Editor/2022.3.61t14/Tuanjie.app/Contents/NetStandard/compat/2.1.0/shims/netstandard/System.IO.dll"
-r:"/Applications/Tuanjie/Hub/Editor/2022.3.61t14/Tuanjie.app/Contents/NetStandard/compat/2.1.0/shims/netstandard/System.IO.FileSystem.dll"
-r:"/Applications/Tuanjie/Hub/Editor/2022.3.61t14/Tuanjie.app/Contents/NetStandard/compat/2.1.0/shims/netstandard/System.IO.FileSystem.DriveInfo.dll"
-r:"/Applications/Tuanjie/Hub/Editor/2022.3.61t14/Tuanjie.app/Contents/NetStandard/compat/2.1.0/shims/netstandard/System.IO.FileSystem.Primitives.dll"
-r:"/Applications/Tuanjie/Hub/Editor/2022.3.61t14/Tuanjie.app/Contents/NetStandard/compat/2.1.0/shims/netstandard/System.IO.FileSystem.Watcher.dll"
-r:"/Applications/Tuanjie/Hub/Editor/2022.3.61t14/Tuanjie.app/Contents/NetStandard/compat/2.1.0/shims/netstandard/System.IO.IsolatedStorage.dll"
-r:"/Applications/Tuanjie/Hub/Editor/2022.3.61t14/Tuanjie.app/Contents/NetStandard/compat/2.1.0/shims/netstandard/System.IO.MemoryMappedFiles.dll"
-r:"/Applications/Tuanjie/Hub/Editor/2022.3.61t14/Tuanjie.app/Contents/NetStandard/compat/2.1.0/shims/netstandard/System.IO.Pipes.dll"
-r:"/Applications/Tuanjie/Hub/Editor/2022.3.61t14/Tuanjie.app/Contents/NetStandard/compat/2.1.0/shims/netstandard/System.IO.UnmanagedMemoryStream.dll"
-r:"/Applications/Tuanjie/Hub/Editor/2022.3.61t14/Tuanjie.app/Contents/NetStandard/compat/2.1.0/shims/netstandard/System.Linq.dll"
-r:"/Applications/Tuanjie/Hub/Editor/2022.3.61t14/Tuanjie.app/Contents/NetStandard/compat/2.1.0/shims/netstandard/System.Linq.Expressions.dll"
-r:"/Applications/Tuanjie/Hub/Editor/2022.3.61t14/Tuanjie.app/Contents/NetStandard/compat/2.1.0/shims/netstandard/System.Linq.Parallel.dll"
-r:"/Applications/Tuanjie/Hub/Editor/2022.3.61t14/Tuanjie.app/Contents/NetStandard/compat/2.1.0/shims/netstandard/System.Linq.Queryable.dll"
-r:"/Applications/Tuanjie/Hub/Editor/2022.3.61t14/Tuanjie.app/Contents/NetStandard/compat/2.1.0/shims/netstandard/System.Memory.dll"
-r:"/Applications/Tuanjie/Hub/Editor/2022.3.61t14/Tuanjie.app/Contents/NetStandard/compat/2.1.0/shims/netstandard/System.Net.Http.dll"
-r:"/Applications/Tuanjie/Hub/Editor/2022.3.61t14/Tuanjie.app/Contents/NetStandard/compat/2.1.0/shims/netstandard/System.Net.NameResolution.dll"
-r:"/Applications/Tuanjie/Hub/Editor/2022.3.61t14/Tuanjie.app/Contents/NetStandard/compat/2.1.0/shims/netstandard/System.Net.NetworkInformation.dll"
-r:"/Applications/Tuanjie/Hub/Editor/2022.3.61t14/Tuanjie.app/Contents/NetStandard/compat/2.1.0/shims/netstandard/System.Net.Ping.dll"
-r:"/Applications/Tuanjie/Hub/Editor/2022.3.61t14/Tuanjie.app/Contents/NetStandard/compat/2.1.0/shims/netstandard/System.Net.Primitives.dll"
-r:"/Applications/Tuanjie/Hub/Editor/2022.3.61t14/Tuanjie.app/Contents/NetStandard/compat/2.1.0/shims/netstandard/System.Net.Requests.dll"
-r:"/Applications/Tuanjie/Hub/Editor/2022.3.61t14/Tuanjie.app/Contents/NetStandard/compat/2.1.0/shims/netstandard/System.Net.Security.dll"
-r:"/Applications/Tuanjie/Hub/Editor/2022.3.61t14/Tuanjie.app/Contents/NetStandard/compat/2.1.0/shims/netstandard/System.Net.Sockets.dll"
-r:"/Applications/Tuanjie/Hub/Editor/2022.3.61t14/Tuanjie.app/Contents/NetStandard/compat/2.1.0/shims/netstandard/System.Net.WebHeaderCollection.dll"
-r:"/Applications/Tuanjie/Hub/Editor/2022.3.61t14/Tuanjie.app/Contents/NetStandard/compat/2.1.0/shims/netstandard/System.Net.WebSockets.Client.dll"
-r:"/Applications/Tuanjie/Hub/Editor/2022.3.61t14/Tuanjie.app/Contents/NetStandard/compat/2.1.0/shims/netstandard/System.Net.WebSockets.dll"
-r:"/Applications/Tuanjie/Hub/Editor/2022.3.61t14/Tuanjie.app/Contents/NetStandard/compat/2.1.0/shims/netstandard/System.Numerics.Vectors.dll"
-r:"/Applications/Tuanjie/Hub/Editor/2022.3.61t14/Tuanjie.app/Contents/NetStandard/compat/2.1.0/shims/netstandard/System.ObjectModel.dll"
-r:"/Applications/Tuanjie/Hub/Editor/2022.3.61t14/Tuanjie.app/Contents/NetStandard/compat/2.1.0/shims/netstandard/System.Reflection.DispatchProxy.dll"
-r:"/Applications/Tuanjie/Hub/Editor/2022.3.61t14/Tuanjie.app/Contents/NetStandard/compat/2.1.0/shims/netstandard/System.Reflection.dll"
-r:"/Applications/Tuanjie/Hub/Editor/2022.3.61t14/Tuanjie.app/Contents/NetStandard/compat/2.1.0/shims/netstandard/System.Reflection.Emit.dll"
-r:"/Applications/Tuanjie/Hub/Editor/2022.3.61t14/Tuanjie.app/Contents/NetStandard/compat/2.1.0/shims/netstandard/System.Reflection.Emit.ILGeneration.dll"
-r:"/Applications/Tuanjie/Hub/Editor/2022.3.61t14/Tuanjie.app/Contents/NetStandard/compat/2.1.0/shims/netstandard/System.Reflection.Emit.Lightweight.dll"
-r:"/Applications/Tuanjie/Hub/Editor/2022.3.61t14/Tuanjie.app/Contents/NetStandard/compat/2.1.0/shims/netstandard/System.Reflection.Extensions.dll"
-r:"/Applications/Tuanjie/Hub/Editor/2022.3.61t14/Tuanjie.app/Contents/NetStandard/compat/2.1.0/shims/netstandard/System.Reflection.Primitives.dll"
-r:"/Applications/Tuanjie/Hub/Editor/2022.3.61t14/Tuanjie.app/Contents/NetStandard/compat/2.1.0/shims/netstandard/System.Resources.Reader.dll"
-r:"/Applications/Tuanjie/Hub/Editor/2022.3.61t14/Tuanjie.app/Contents/NetStandard/compat/2.1.0/shims/netstandard/System.Resources.ResourceManager.dll"
-r:"/Applications/Tuanjie/Hub/Editor/2022.3.61t14/Tuanjie.app/Contents/NetStandard/compat/2.1.0/shims/netstandard/System.Resources.Writer.dll"
-r:"/Applications/Tuanjie/Hub/Editor/2022.3.61t14/Tuanjie.app/Contents/NetStandard/compat/2.1.0/shims/netstandard/System.Runtime.CompilerServices.VisualC.dll"
-r:"/Applications/Tuanjie/Hub/Editor/2022.3.61t14/Tuanjie.app/Contents/NetStandard/compat/2.1.0/shims/netstandard/System.Runtime.dll"
-r:"/Applications/Tuanjie/Hub/Editor/2022.3.61t14/Tuanjie.app/Contents/NetStandard/compat/2.1.0/shims/netstandard/System.Runtime.Extensions.dll"
-r:"/Applications/Tuanjie/Hub/Editor/2022.3.61t14/Tuanjie.app/Contents/NetStandard/compat/2.1.0/shims/netstandard/System.Runtime.Handles.dll"
-r:"/Applications/Tuanjie/Hub/Editor/2022.3.61t14/Tuanjie.app/Contents/NetStandard/compat/2.1.0/shims/netstandard/System.Runtime.InteropServices.dll"
-r:"/Applications/Tuanjie/Hub/Editor/2022.3.61t14/Tuanjie.app/Contents/NetStandard/compat/2.1.0/shims/netstandard/System.Runtime.InteropServices.RuntimeInformation.dll"
-r:"/Applications/Tuanjie/Hub/Editor/2022.3.61t14/Tuanjie.app/Contents/NetStandard/compat/2.1.0/shims/netstandard/System.Runtime.Numerics.dll"
-r:"/Applications/Tuanjie/Hub/Editor/2022.3.61t14/Tuanjie.app/Contents/NetStandard/compat/2.1.0/shims/netstandard/System.Runtime.Serialization.Formatters.dll"
-r:"/Applications/Tuanjie/Hub/Editor/2022.3.61t14/Tuanjie.app/Contents/NetStandard/compat/2.1.0/shims/netstandard/System.Runtime.Serialization.Json.dll"
-r:"/Applications/Tuanjie/Hub/Editor/2022.3.61t14/Tuanjie.app/Contents/NetStandard/compat/2.1.0/shims/netstandard/System.Runtime.Serialization.Primitives.dll"
-r:"/Applications/Tuanjie/Hub/Editor/2022.3.61t14/Tuanjie.app/Contents/NetStandard/compat/2.1.0/shims/netstandard/System.Runtime.Serialization.Xml.dll"
-r:"/Applications/Tuanjie/Hub/Editor/2022.3.61t14/Tuanjie.app/Contents/NetStandard/compat/2.1.0/shims/netstandard/System.Security.Claims.dll"
-r:"/Applications/Tuanjie/Hub/Editor/2022.3.61t14/Tuanjie.app/Contents/NetStandard/compat/2.1.0/shims/netstandard/System.Security.Cryptography.Algorithms.dll"
-r:"/Applications/Tuanjie/Hub/Editor/2022.3.61t14/Tuanjie.app/Contents/NetStandard/compat/2.1.0/shims/netstandard/System.Security.Cryptography.Csp.dll"
-r:"/Applications/Tuanjie/Hub/Editor/2022.3.61t14/Tuanjie.app/Contents/NetStandard/compat/2.1.0/shims/netstandard/System.Security.Cryptography.Encoding.dll"
-r:"/Applications/Tuanjie/Hub/Editor/2022.3.61t14/Tuanjie.app/Contents/NetStandard/compat/2.1.0/shims/netstandard/System.Security.Cryptography.Primitives.dll"
-r:"/Applications/Tuanjie/Hub/Editor/2022.3.61t14/Tuanjie.app/Contents/NetStandard/compat/2.1.0/shims/netstandard/System.Security.Cryptography.X509Certificates.dll"
-r:"/Applications/Tuanjie/Hub/Editor/2022.3.61t14/Tuanjie.app/Contents/NetStandard/compat/2.1.0/shims/netstandard/System.Security.Principal.dll"
-r:"/Applications/Tuanjie/Hub/Editor/2022.3.61t14/Tuanjie.app/Contents/NetStandard/compat/2.1.0/shims/netstandard/System.Security.SecureString.dll"
-r:"/Applications/Tuanjie/Hub/Editor/2022.3.61t14/Tuanjie.app/Contents/NetStandard/compat/2.1.0/shims/netstandard/System.Text.Encoding.dll"
-r:"/Applications/Tuanjie/Hub/Editor/2022.3.61t14/Tuanjie.app/Contents/NetStandard/compat/2.1.0/shims/netstandard/System.Text.Encoding.Extensions.dll"
-r:"/Applications/Tuanjie/Hub/Editor/2022.3.61t14/Tuanjie.app/Contents/NetStandard/compat/2.1.0/shims/netstandard/System.Text.RegularExpressions.dll"
-r:"/Applications/Tuanjie/Hub/Editor/2022.3.61t14/Tuanjie.app/Contents/NetStandard/compat/2.1.0/shims/netstandard/System.Threading.dll"
-r:"/Applications/Tuanjie/Hub/Editor/2022.3.61t14/Tuanjie.app/Contents/NetStandard/compat/2.1.0/shims/netstandard/System.Threading.Overlapped.dll"
-r:"/Applications/Tuanjie/Hub/Editor/2022.3.61t14/Tuanjie.app/Contents/NetStandard/compat/2.1.0/shims/netstandard/System.Threading.Tasks.dll"
-r:"/Applications/Tuanjie/Hub/Editor/2022.3.61t14/Tuanjie.app/Contents/NetStandard/compat/2.1.0/shims/netstandard/System.Threading.Tasks.Extensions.dll"
-r:"/Applications/Tuanjie/Hub/Editor/2022.3.61t14/Tuanjie.app/Contents/NetStandard/compat/2.1.0/shims/netstandard/System.Threading.Tasks.Parallel.dll"
-r:"/Applications/Tuanjie/Hub/Editor/2022.3.61t14/Tuanjie.app/Contents/NetStandard/compat/2.1.0/shims/netstandard/System.Threading.Thread.dll"
-r:"/Applications/Tuanjie/Hub/Editor/2022.3.61t14/Tuanjie.app/Contents/NetStandard/compat/2.1.0/shims/netstandard/System.Threading.ThreadPool.dll"
-r:"/Applications/Tuanjie/Hub/Editor/2022.3.61t14/Tuanjie.app/Contents/NetStandard/compat/2.1.0/shims/netstandard/System.Threading.Timer.dll"
-r:"/Applications/Tuanjie/Hub/Editor/2022.3.61t14/Tuanjie.app/Contents/NetStandard/compat/2.1.0/shims/netstandard/System.ValueTuple.dll"
-r:"/Applications/Tuanjie/Hub/Editor/2022.3.61t14/Tuanjie.app/Contents/NetStandard/compat/2.1.0/shims/netstandard/System.Xml.ReaderWriter.dll"
-r:"/Applications/Tuanjie/Hub/Editor/2022.3.61t14/Tuanjie.app/Contents/NetStandard/compat/2.1.0/shims/netstandard/System.Xml.XDocument.dll"
-r:"/Applications/Tuanjie/Hub/Editor/2022.3.61t14/Tuanjie.app/Contents/NetStandard/compat/2.1.0/shims/netstandard/System.Xml.XmlDocument.dll"
-r:"/Applications/Tuanjie/Hub/Editor/2022.3.61t14/Tuanjie.app/Contents/NetStandard/compat/2.1.0/shims/netstandard/System.Xml.XmlSerializer.dll"
-r:"/Applications/Tuanjie/Hub/Editor/2022.3.61t14/Tuanjie.app/Contents/NetStandard/compat/2.1.0/shims/netstandard/System.Xml.XPath.dll"
-r:"/Applications/Tuanjie/Hub/Editor/2022.3.61t14/Tuanjie.app/Contents/NetStandard/compat/2.1.0/shims/netstandard/System.Xml.XPath.XDocument.dll"
-r:"/Applications/Tuanjie/Hub/Editor/2022.3.61t14/Tuanjie.app/Contents/NetStandard/Extensions/2.0.0/System.Runtime.InteropServices.WindowsRuntime.dll"
-r:"/Applications/Tuanjie/Hub/Editor/2022.3.61t14/Tuanjie.app/Contents/NetStandard/ref/2.1.0/netstandard.dll"
-r:"/Applications/Tuanjie/Hub/Editor/2022.3.61t14/Tuanjie.app/Contents/PlaybackEngines/MacStandaloneSupport/UnityEditor.iOS.Extensions.Xcode.dll"
-r:"Library/Bee/artifacts/200b0aE.dag/Cn.Tuanjie.Codely.Editor.ref.dll"
-r:"Library/Bee/artifacts/200b0aE.dag/Codely.Common.ref.dll"
-r:"Library/Bee/artifacts/200b0aE.dag/UnityEditor.UI.ref.dll"
-r:"Library/Bee/artifacts/200b0aE.dag/UnityEngine.UI.ref.dll"
-r:"Library/Bee/artifacts/200b0aE.dag/UnityTcp.Editor.ref.dll"
-analyzer:"/Applications/Tuanjie/Hub/Editor/2022.3.61t14/Tuanjie.app/Contents/Tools/Unity.SourceGenerators/Unity.Properties.SourceGenerator.dll"
-analyzer:"/Applications/Tuanjie/Hub/Editor/2022.3.61t14/Tuanjie.app/Contents/Tools/Unity.SourceGenerators/Unity.SourceGenerators.dll"
"Assets/Scripts/Core/AirportSimulation.cs"
"Assets/Scripts/Core/Auth/AgeCheck.cs"
"Assets/Scripts/Core/Auth/BotMemory.cs"
"Assets/Scripts/Core/Auth/IAuthService.cs"
"Assets/Scripts/Core/Auth/PlayerProfile.cs"
"Assets/Scripts/Core/GameEvents.cs"
"Assets/Scripts/Core/Net/ISession.cs"
"Assets/Scripts/Core/Net/LoopbackTransport.cs"
"Assets/Scripts/Core/Net/MiniJson.cs"
"Assets/Scripts/Core/Net/NetProtocol.cs"
"Assets/Scripts/Core/Net/ReliableControl.cs"
"Assets/Scripts/Core/Net/RoomManager.cs"
"Assets/Scripts/Core/Net/SnapshotBuffer.cs"
"Assets/Scripts/Core/Net/UdpBeacon.cs"
"Assets/Scripts/Core/Net/UdpSession.cs"
"Assets/Scripts/Core/Progress/FirestoreProgressProtocol.cs"
"Assets/Scripts/Core/Progress/ProgressOutbox.cs"
"Assets/Scripts/Core/Progress/ProgressSettlement.cs"
"Assets/Scripts/Core/Progress/ProgressSyncService.cs"
"Assets/Scripts/Core/Results/ReplayExportTimeline.cs"
"Assets/Scripts/Core/Results/SettlementEligibility.cs"
"Assets/Scripts/Core/Shift/PracticeFlightScheduler.cs"
"Assets/Scripts/Core/Shift/ShiftEvents.cs"
"Assets/Scripts/Core/Shift/ShiftSim.cs"
"Assets/Scripts/Core/Shift/ShiftSnapshot.cs"
"Assets/Scripts/Core/SingleFlightCycle.cs"
"Assets/Scripts/Diagnostics/M7PlayerSmoke.cs"
"Assets/Scripts/Gameplay/AircraftMotion.cs"
"Assets/Scripts/Gameplay/AirportGame.cs"
"Assets/Scripts/Gameplay/AirportGame.Results.cs"
"Assets/Scripts/Gameplay/AndroidNet.cs"
"Assets/Scripts/Gameplay/AppState.cs"
"Assets/Scripts/Gameplay/Level1Map.cs"
"Assets/Scripts/Gameplay/LobbyApp.cs"
"Assets/Scripts/Gameplay/MainLoopGame.cs"
"Assets/Scripts/Gameplay/NetSession.cs"
"Assets/Scripts/Gameplay/ShareService.cs"
"Assets/Scripts/Identity/AgeVerificationStore.cs"
"Assets/Scripts/Identity/FirebaseRestAuth.cs"
"Assets/Scripts/Identity/FirebaseTokenResponse.cs"
"Assets/Scripts/Identity/LoopbackOAuthServer.cs"
"Assets/Scripts/Identity/OAuthSecurity.cs"
"Assets/Scripts/Presentation/ActionHoldButton.cs"
"Assets/Scripts/Presentation/AirportHudCanvas.cs"
"Assets/Scripts/Presentation/AirportStyle.cs"
"Assets/Scripts/Presentation/AirportWorld.cs"
"Assets/Scripts/Presentation/CabinWorld.cs"
"Assets/Scripts/Presentation/LobbyCanvas.cs"
"Assets/Scripts/Presentation/SceneLayoutMarker.cs"
"Assets/Scripts/Presentation/SceneLayoutSync.cs"
"Assets/Scripts/Presentation/UiKit.cs"
"Assets/Scripts/Presentation/VirtualJoystick.cs"
"Assets/Scripts/Progress/AccountProgressRuntime.cs"
"Assets/Scripts/Progress/UnityProgressTransport.cs"
"Assets/Scripts/Sharing/SilentVideoEncoder.cs"
-langversion:9.0
/deterministic
/optimize+
/debug:portable
/nologo
/RuntimeMetadataVersion:v4.0.30319
/nowarn:0169
/nowarn:0649
/nowarn:0282
/nowarn:1701
/nowarn:1702
/utf8output
/preferreduilang:en-US
/additionalfile:"Library/Bee/artifacts/200b0aE.dag/Assembly-CSharp.UnityAdditionalFile.txt"
##### Custom Environment Variables
DOTNET_MULTILEVEL_LOOKUP=0
##### ExitCode
1
##### Output
Assets/Scripts/Presentation/CabinWorld.cs(96,17): error CS0103: The name 'BeveledBlock' does not exist in the current context
Assets/Scripts/Presentation/CabinWorld.cs(103,21): error CS0103: The name 'BeveledBlock' does not exist in the current context
Assets/Scripts/Presentation/CabinWorld.cs(116,21): error CS0103: The name 'WindowPanel' does not exist in the current context
Assets/Scripts/Presentation/CabinWorld.cs(117,21): error CS0103: The name 'WindowPanel' does not exist in the current context
Assets/Scripts/Presentation/CabinWorld.cs(118,21): error CS0103: The name 'WindowPanel' does not exist in the current context
Assets/Scripts/Presentation/CabinWorld.cs(120,21): error CS0103: The name 'WindowPanel' does not exist in the current context
Assets/Scripts/Presentation/CabinWorld.cs(122,21): error CS0103: The name 'WindowPanel' does not exist in the current context
Assets/Scripts/Presentation/CabinWorld.cs(123,21): error CS0103: The name 'BeveledBlock' does not exist in the current context
Assets/Scripts/Presentation/CabinWorld.cs(132,13): error CS0103: The name 'BeveledBlock' does not exist in the current context
Assets/Scripts/Presentation/CabinWorld.cs(133,13): error CS0103: The name 'BeveledBlock' does not exist in the current context
Assets/Scripts/Presentation/CabinWorld.cs(182,13): error CS0103: The name 'BeveledBlock' does not exist in the current context
Assets/Scripts/Presentation/CabinWorld.cs(183,13): error CS0103: The name 'BeveledBlock' does not exist in the current context
Assets/Scripts/Presentation/CabinWorld.cs(184,13): error CS0103: The name 'BeveledBlock' does not exist in the current context
Assets/Scripts/Presentation/CabinWorld.cs(185,13): error CS0103: The name 'BeveledBlock' does not exist in the current context
Assets/Scripts/Presentation/CabinWorld.cs(186,13): error CS0103: The name 'BeveledBlock' does not exist in the current context
Assets/Scripts/Presentation/CabinWorld.cs(187,13): error CS0103: The name 'BeveledBlock' does not exist in the current context
Assets/Scripts/Presentation/CabinWorld.cs(191,17): error CS0103: The name 'BeveledBlock' does not exist in the current context
Assets/Scripts/Presentation/CabinWorld.cs(216,13): error CS0103: The name 'BeveledBlock' does not exist in the current context
Assets/Scripts/Presentation/CabinWorld.cs(217,13): error CS0103: The name 'BeveledBlock' does not exist in the current context
Assets/Scripts/Presentation/CabinWorld.cs(218,13): error CS0103: The name 'BeveledBlock' does not exist in the current context
Assets/Scripts/Presentation/CabinWorld.cs(219,13): error CS0103: The name 'BeveledBlock' does not exist in the current context
Assets/Scripts/Presentation/CabinWorld.cs(222,13): error CS0103: The name 'BeveledBlock' does not exist in the current context
Assets/Scripts/Presentation/CabinWorld.cs(224,17): error CS0103: The name 'BeveledBlock' does not exist in the current context
*** Tundra build failed (2.23 seconds), 1 items updated, 158 evaluated
## Script Compilation Error for: Csc Library/Bee/artifacts/200b0aE.dag/Assembly-CSharp.dll (+2 others)
## CmdLine: "/Applications/Tuanjie/Hub/Editor/2022.3.61t14/Tuanjie.app/Contents/NetCoreRuntime/dotnet" exec "/Applications/Tuanjie/Hub/Editor/2022.3.61t14/Tuanjie.app/Contents/DotNetSdkRoslyn/csc.dll" /nostdlib /noconfig /shared "@Library/Bee/artifacts/200b0aE.dag/Assembly-CSharp.rsp" "@Library/Bee/artifacts/200b0aE.dag/Assembly-CSharp.rsp2"
## Output:
Assets/Scripts/Presentation/CabinWorld.cs(96,17): error CS0103: The name 'BeveledBlock' does not exist in the current context
Assets/Scripts/Presentation/CabinWorld.cs(103,21): error CS0103: The name 'BeveledBlock' does not exist in the current context
Assets/Scripts/Presentation/CabinWorld.cs(116,21): error CS0103: The name 'WindowPanel' does not exist in the current context
Assets/Scripts/Presentation/CabinWorld.cs(117,21): error CS0103: The name 'WindowPanel' does not exist in the current context
Assets/Scripts/Presentation/CabinWorld.cs(118,21): error CS0103: The name 'WindowPanel' does not exist in the current context
Assets/Scripts/Presentation/CabinWorld.cs(120,21): error CS0103: The name 'WindowPanel' does not exist in the current context
Assets/Scripts/Presentation/CabinWorld.cs(122,21): error CS0103: The name 'WindowPanel' does not exist in the current context
Assets/Scripts/Presentation/CabinWorld.cs(123,21): error CS0103: The name 'BeveledBlock' does not exist in the current context
Assets/Scripts/Presentation/CabinWorld.cs(132,13): error CS0103: The name 'BeveledBlock' does not exist in the current context
Assets/Scripts/Presentation/CabinWorld.cs(133,13): error CS0103: The name 'BeveledBlock' does not exist in the current context
Assets/Scripts/Presentation/CabinWorld.cs(182,13): error CS0103: The name 'BeveledBlock' does not exist in the current context
Assets/Scripts/Presentation/CabinWorld.cs(183,13): error CS0103: The name 'BeveledBlock' does not exist in the current context
Assets/Scripts/Presentation/CabinWorld.cs(184,13): error CS0103: The name 'BeveledBlock' does not exist in the current context
Assets/Scripts/Presentation/CabinWorld.cs(185,13): error CS0103: The name 'BeveledBlock' does not exist in the current context
Assets/Scripts/Presentation/CabinWorld.cs(186,13): error CS0103: The name 'BeveledBlock' does not exist in the current context
Assets/Scripts/Presentation/CabinWorld.cs(187,13): error CS0103: The name 'BeveledBlock' does not exist in the current context
Assets/Scripts/Presentation/CabinWorld.cs(191,17): error CS0103: The name 'BeveledBlock' does not exist in the current context
Assets/Scripts/Presentation/CabinWorld.cs(216,13): error CS0103: The name 'BeveledBlock' does not exist in the current context
Assets/Scripts/Presentation/CabinWorld.cs(217,13): error CS0103: The name 'BeveledBlock' does not exist in the current context
Assets/Scripts/Presentation/CabinWorld.cs(218,13): error CS0103: The name 'BeveledBlock' does not exist in the current context
Assets/Scripts/Presentation/CabinWorld.cs(219,13): error CS0103: The name 'BeveledBlock' does not exist in the current context
Assets/Scripts/Presentation/CabinWorld.cs(222,13): error CS0103: The name 'BeveledBlock' does not exist in the current context
Assets/Scripts/Presentation/CabinWorld.cs(224,17): error CS0103: The name 'BeveledBlock' does not exist in the current context

Assets/Scripts/Presentation/CabinWorld.cs(96,17): error CS0103: The name 'BeveledBlock' does not exist in the current context
Assets/Scripts/Presentation/CabinWorld.cs(103,21): error CS0103: The name 'BeveledBlock' does not exist in the current context
Assets/Scripts/Presentation/CabinWorld.cs(116,21): error CS0103: The name 'WindowPanel' does not exist in the current context
Assets/Scripts/Presentation/CabinWorld.cs(117,21): error CS0103: The name 'WindowPanel' does not exist in the current context
Assets/Scripts/Presentation/CabinWorld.cs(118,21): error CS0103: The name 'WindowPanel' does not exist in the current context
Assets/Scripts/Presentation/CabinWorld.cs(120,21): error CS0103: The name 'WindowPanel' does not exist in the current context
Assets/Scripts/Presentation/CabinWorld.cs(122,21): error CS0103: The name 'WindowPanel' does not exist in the current context
Assets/Scripts/Presentation/CabinWorld.cs(123,21): error CS0103: The name 'BeveledBlock' does not exist in the current context
Assets/Scripts/Presentation/CabinWorld.cs(132,13): error CS0103: The name 'BeveledBlock' does not exist in the current context
Assets/Scripts/Presentation/CabinWorld.cs(133,13): error CS0103: The name 'BeveledBlock' does not exist in the current context
Assets/Scripts/Presentation/CabinWorld.cs(182,13): error CS0103: The name 'BeveledBlock' does not exist in the current context
Assets/Scripts/Presentation/CabinWorld.cs(183,13): error CS0103: The name 'BeveledBlock' does not exist in the current context
Assets/Scripts/Presentation/CabinWorld.cs(184,13): error CS0103: The name 'BeveledBlock' does not exist in the current context
Assets/Scripts/Presentation/CabinWorld.cs(185,13): error CS0103: The name 'BeveledBlock' does not exist in the current context
Assets/Scripts/Presentation/CabinWorld.cs(186,13): error CS0103: The name 'BeveledBlock' does not exist in the current context
Assets/Scripts/Presentation/CabinWorld.cs(187,13): error CS0103: The name 'BeveledBlock' does not exist in the current context
Assets/Scripts/Presentation/CabinWorld.cs(191,17): error CS0103: The name 'BeveledBlock' does not exist in the current context
Assets/Scripts/Presentation/CabinWorld.cs(216,13): error CS0103: The name 'BeveledBlock' does not exist in the current context
Assets/Scripts/Presentation/CabinWorld.cs(217,13): error CS0103: The name 'BeveledBlock' does not exist in the current context
Assets/Scripts/Presentation/CabinWorld.cs(218,13): error CS0103: The name 'BeveledBlock' does not exist in the current context
Assets/Scripts/Presentation/CabinWorld.cs(219,13): error CS0103: The name 'BeveledBlock' does not exist in the current context
Assets/Scripts/Presentation/CabinWorld.cs(222,13): error CS0103: The name 'BeveledBlock' does not exist in the current context
Assets/Scripts/Presentation/CabinWorld.cs(224,17): error CS0103: The name 'BeveledBlock' does not exist in the current context
AssetDatabase: script compilation time: 2.969467s
Scripts have compiler errors.
Total cache size 14125764
Total cache size after purge 14125764
[Package Manager] Server::Kill -- Server was shutdown
plugin_module success
g_query_callback success 
g_get_assembly_csharp load success 
[40m[32minfo[39m[22m[49m: Microsoft.Hosting.Lifetime[0]
      Application is shutting down...
